// 重构日志: 4ae84d04
// 重构日志: 4460f392
// 重构日志: 2df89293
// 重构日志: 2b2c0f95
// 重构日志: f06b202c
// 重构日志: 049b508a
// 同步 ID: 51bfc674 @ Fri Jul 24 05:43:47 UTC 2026
// 重构日志: 2dec2e17
// 重构日志: 6544d240
// 同步 ID: 4222e244 @ Sat Jul 25 15:55:53 UTC 2026
// 同步 ID: 9d929e63 @ Sat Jul 25 17:52:42 UTC 2026
// 同步 ID: 925ea01c @ Sat Jul 25 22:04:29 UTC 2026
// 重构日志: 4fd6e888
// 同步 ID: 9924da2a @ Sun Jul 26 11:59:43 UTC 2026
// 同步 ID: b4630cd6 @ Sun Jul 26 14:44:33 UTC 2026
// 同步 ID: 1e7b1c49 @ Tue Jul 28 04:40:52 UTC 2026
// 同步 ID: 247c123e @ Tue Jul 28 17:46:59 UTC 2026
// 重构日志: 2dfa293d
// 重构日志: 2dbb051b
// 同步 ID: 5ed78b92 @ Wed Jul 29 16:31:16 UTC 2026
// 重构日志: ae4d3def
// 重构日志: fa1aee6b
// 同步 ID: 773c48b7 @ Thu Jul 30 23:51:26 UTC 2026
// 同步 ID: 59978aba @ Sat Aug  1 05:05:21 UTC 2026
// 同步 ID: 9c4aa91e @ Sat Aug  1 18:48:13 UTC 2026
// 重构日志: b7dfeafd
// 同步 ID: 9ed2b10f @ Sun Aug  2 16:12:50 UTC 2026
// 同步 ID: 9ec0e142 @ Sun Aug  2 20:46:52 UTC 2026
// 重构日志: 59244b69
// 同步 ID: ed6cbb1c @ Mon Aug  3 22:52:29 UTC 2026
// 重构日志: 82b5b467
